2026-01-09 12:18:56 [INFO] SCRIPT STARTED
2026-01-09 12:18:59 [INFO] Password check initiated.
2026-01-09 12:18:59 [INFO] Checking password length and complexity
2026-01-09 12:18:59 [INFO] Password complexity and length OK
2026-01-09 12:18:59 [INFO] Checking local wordlist: rockyou.txt
2026-01-09 12:18:59 [INFO] Password not found in rockyou.txt
2026-01-09 12:18:59 [INFO] Checking online leaks (HIBP API).
2026-01-09 12:18:59 [ERROR] Online leak check failed
2026-01-09 12:19:01 [INFO] User chose to try again
2026-01-09 12:19:03 [INFO] Password check initiated.
2026-01-09 12:19:03 [INFO] Checking password length and complexity
2026-01-09 12:19:03 [ERROR] Password is too short
2026-01-09 12:19:03 [ERROR] Complexity check failed
2026-01-09 12:19:05 [INFO] User chose to try again
2026-01-09 12:19:09 [INFO] Password check initiated.
2026-01-09 12:19:09 [INFO] Checking password length and complexity
2026-01-09 12:19:09 [INFO] Password complexity and length OK
2026-01-09 12:19:09 [INFO] Checking local wordlist: rockyou.txt
2026-01-09 12:19:09 [INFO] Password not found in rockyou.txt
2026-01-09 12:19:09 [INFO] Checking online leaks (HIBP API).
2026-01-09 12:19:09 [INFO] Password not found in online leaks.
2026-01-09 12:19:09 [INFO] Password is approved
2026-01-09 12:24:48 [INFO] SCRIPT STARTED
2026-01-09 12:24:48 [WARNING] Script is running as root
2026-01-09 12:24:51 [INFO] Password check initiated.
2026-01-09 12:24:51 [INFO] Checking password length and complexity
2026-01-09 12:24:51 [INFO] Password complexity and length OK
2026-01-09 12:24:51 [INFO] Checking local wordlist: rockyou.txt
2026-01-09 12:24:52 [INFO] Password not found in rockyou.txt
2026-01-09 12:24:52 [INFO] Checking online leaks (HIBP API).
2026-01-09 12:24:52 [INFO] Password not found in online leaks.
2026-01-09 12:24:52 [INFO] Password is approved
2026-01-09 12:52:30 [INFO] SCRIPT STARTED
2026-01-09 12:52:33 [INFO] Password check initiated.
2026-01-09 12:52:33 [INFO] Checking password length and complexity
2026-01-09 12:52:33 [ERROR] Password missing special character
2026-01-09 12:52:33 [ERROR] Complexity check failed
2026-01-09 12:52:34 [INFO] User chose to try again
2026-01-09 12:52:37 [INFO] Password check initiated.
2026-01-09 12:52:37 [INFO] Checking password length and complexity
2026-01-09 12:52:37 [INFO] Password complexity and length OK
2026-01-09 12:52:37 [INFO] Checking local wordlist: rockyou.txt
2026-01-09 12:52:37 [INFO] Password not found in rockyou.txt
2026-01-09 12:52:38 [INFO] Checking online leaks (HIBP API).
2026-01-09 12:52:38 [INFO] Password not found in online leaks.
2026-01-09 12:52:38 [INFO] Password is approved
2026-01-09 12:52:45 [INFO] SCRIPT STARTED
2026-01-09 12:52:51 [INFO] Password check initiated.
2026-01-09 12:52:51 [INFO] Checking password length and complexity
2026-01-09 12:52:51 [INFO] Password complexity and length OK
2026-01-09 12:52:51 [INFO] Checking local wordlist: rockyou.txt
2026-01-09 12:52:51 [INFO] Password not found in rockyou.txt
2026-01-09 12:52:51 [INFO] Checking online leaks (HIBP API).
2026-01-09 12:52:51 [ERROR] Online leak check failed
2026-01-09 12:52:58 [INFO] User chose to exit script
2026-01-09 13:55:08 [INFO] SCRIPT STARTED
2026-01-09 13:55:11 [INFO] Password check initiated.
2026-01-09 13:55:11 [INFO] Checking password length and complexity
2026-01-09 13:55:11 [INFO] Password complexity and length OK
2026-01-09 13:55:11 [INFO] Checking local wordlist: rockyou.txt
2026-01-09 13:55:12 [INFO] Password not found in rockyou.txt
2026-01-09 13:55:12 [INFO] Checking online leaks (HIBP API).
2026-01-09 13:55:12 [ERROR] Online leak check failed
2026-01-09 13:55:14 [INFO] User chose to try again
2026-01-09 13:55:19 [INFO] Password check initiated.
2026-01-09 13:55:19 [INFO] Checking password length and complexity
2026-01-09 13:55:19 [ERROR] Password missing special character
2026-01-09 13:55:19 [ERROR] Complexity check failed
2026-01-09 13:55:21 [INFO] User chose to try again
2026-01-09 13:55:28 [INFO] Password check initiated.
2026-01-09 13:55:28 [INFO] Checking password length and complexity
2026-01-09 13:55:28 [INFO] Password complexity and length OK
2026-01-09 13:55:28 [INFO] Checking local wordlist: rockyou.txt
2026-01-09 13:55:28 [INFO] Password not found in rockyou.txt
2026-01-09 13:55:28 [INFO] Checking online leaks (HIBP API).
2026-01-09 13:55:28 [INFO] Password not found in online leaks.
2026-01-09 13:55:28 [INFO] Password is approved
2026-01-09 13:56:52 [INFO] SCRIPT STARTED
2026-01-09 13:56:55 [INFO] Password check initiated.
2026-01-09 13:56:55 [INFO] Checking password length and complexity
2026-01-09 13:56:55 [ERROR] Password is too short
2026-01-09 13:56:55 [ERROR] Complexity check failed
2026-01-09 14:03:01 [INFO] SCRIPT STARTED
2026-01-09 14:03:06 [INFO] Password check initiated.
2026-01-09 14:03:06 [INFO] Checking password length and complexity
2026-01-09 14:03:06 [INFO] Password complexity and length OK
2026-01-09 14:03:06 [INFO] Checking local wordlist: rockyou.txt
2026-01-09 14:03:06 [INFO] Password not found in rockyou.txt
2026-01-09 14:03:06 [INFO] Checking online leaks (HIBP API).
2026-01-09 14:03:06 [INFO] Password not found in online leaks.
2026-01-09 14:03:06 [INFO] Password is approved
2026-01-09 14:03:10 [INFO] SCRIPT STARTED
2026-01-09 14:03:12 [INFO] Password check initiated.
2026-01-09 14:03:13 [INFO] Checking password length and complexity
2026-01-09 14:03:13 [ERROR] Password missing special character
2026-01-09 14:03:13 [ERROR] Complexity check failed
2026-01-09 14:03:14 [INFO] User chose to try again
2026-01-09 14:03:18 [INFO] Password check initiated.
2026-01-09 14:03:18 [INFO] Checking password length and complexity
2026-01-09 14:03:18 [INFO] Password complexity and length OK
2026-01-09 14:03:18 [INFO] Checking local wordlist: rockyou.txt
2026-01-09 14:03:19 [INFO] Password not found in rockyou.txt
2026-01-09 14:03:19 [INFO] Checking online leaks (HIBP API).
2026-01-09 14:03:19 [INFO] Password not found in online leaks.
2026-01-09 14:03:19 [INFO] Password is approved
2026-01-09 14:03:41 [INFO] SCRIPT STARTED
2026-01-09 14:03:46 [INFO] Password check initiated.
2026-01-09 14:03:46 [INFO] Checking password length and complexity
2026-01-09 14:03:46 [ERROR] Password missing special character
2026-01-09 14:03:46 [ERROR] Complexity check failed
2026-01-09 14:03:48 [INFO] User chose to try again
2026-01-09 14:03:52 [INFO] Password check initiated.
2026-01-09 14:03:52 [INFO] Checking password length and complexity
2026-01-09 14:03:52 [INFO] Password complexity and length OK
2026-01-09 14:03:52 [INFO] Checking local wordlist: rockyou.txt
2026-01-09 14:03:52 [INFO] Password not found in rockyou.txt
2026-01-09 14:03:52 [INFO] Checking online leaks (HIBP API).
2026-01-09 14:03:52 [ERROR] Online leak check failed
2026-01-09 14:03:54 [INFO] User chose to try again
2026-01-09 14:04:00 [INFO] Password check initiated.
2026-01-09 14:04:00 [INFO] Checking password length and complexity
2026-01-09 14:04:00 [INFO] Password complexity and length OK
2026-01-09 14:04:00 [INFO] Checking local wordlist: rockyou.txt
2026-01-09 14:04:00 [INFO] Password not found in rockyou.txt
2026-01-09 14:04:00 [INFO] Checking online leaks (HIBP API).
2026-01-09 14:04:00 [INFO] Password not found in online leaks.
2026-01-09 14:04:00 [INFO] Password is approved
2026-01-09 14:17:50 [INFO] SCRIPT STARTED
2026-01-09 14:17:53 [INFO] Password check initiated.
2026-01-09 14:17:53 [INFO] Checking password length and complexity
2026-01-09 14:17:53 [ERROR] Password is too short
2026-01-09 14:17:53 [ERROR] Complexity check failed
2026-01-09 14:17:57 [WARNING] Invalid menu selection
2026-01-09 14:18:03 [INFO] Password check initiated.
2026-01-09 14:18:03 [INFO] Checking password length and complexity
2026-01-09 14:18:03 [INFO] Password complexity and length OK
2026-01-09 14:18:03 [INFO] Checking local wordlist: rockyou.txt
2026-01-09 14:18:03 [INFO] Password not found in rockyou.txt
2026-01-09 14:18:03 [INFO] Checking online leaks (HIBP API).
2026-01-09 14:18:03 [INFO] Password not found in online leaks.
2026-01-09 14:18:03 [INFO] Password is approved
2026-01-09 14:18:06 [INFO] SCRIPT STARTED
2026-01-09 14:18:10 [INFO] Password check initiated.
2026-01-09 14:18:10 [INFO] Checking password length and complexity
2026-01-09 14:18:10 [INFO] Password complexity and length OK
2026-01-09 14:18:10 [INFO] Checking local wordlist: rockyou.txt
2026-01-09 14:18:10 [INFO] Password not found in rockyou.txt
2026-01-09 14:18:10 [INFO] Checking online leaks (HIBP API).
2026-01-09 14:18:10 [ERROR] Online leak check failed
2026-01-09 14:18:34 [WARNING] Invalid menu selection
2026-01-09 14:24:54 [INFO] SCRIPT STARTED
2026-01-09 14:24:58 [INFO] Password check initiated.
2026-01-09 14:24:58 [INFO] Checking password length and complexity
2026-01-09 14:24:58 [Passwords is too short] 
2026-01-09 14:24:58 [INFO] Password check initiated.
2026-01-09 14:24:58 [ERROR] Password lacks complexity
2026-01-09 14:24:58 [ERROR] Complexity check failed
2026-01-09 14:25:04 [INFO] User chose to try again
2026-01-09 14:25:10 [INFO] Password check initiated.
2026-01-09 14:25:10 [INFO] Checking password length and complexity
2026-01-09 14:25:10 [Passwords is too short] 
2026-01-09 14:25:10 [INFO] Password check initiated.
2026-01-09 14:25:10 [INFO] Password complexity and length OK
2026-01-09 14:25:10 [INFO] Checking local wordlist: rockyou.txt
2026-01-09 14:25:10 [INFO] Password not found in rockyou.txt
2026-01-09 14:25:11 [INFO] Checking online leaks (HIBP API).
2026-01-09 14:25:11 [ERROR] Online leak check failed
2026-01-09 14:25:22 [WARNING] Invalid menu selection
2026-01-09 14:25:22 [INFO] Password check initiated.
2026-01-09 14:25:22 [INFO] Checking password length and complexity
2026-01-09 14:25:22 [Passwords is too short] 
2026-01-09 14:25:22 [INFO] Password check initiated.
2026-01-09 14:25:23 [ERROR] Password lacks complexity
2026-01-09 14:25:23 [ERROR] Complexity check failed
2026-01-09 14:25:24 [INFO] User chose to exit script
2026-01-09 16:06:20 [INFO] SCRIPT STARTED
2026-01-09 16:06:23 [INFO] Password check initiated.
2026-01-09 16:06:23 [INFO] Checking password length and complexity
2026-01-09 16:06:23 [Passwords is too short] 
2026-01-09 16:06:23 [INFO] Password check initiated.
2026-01-09 16:06:23 [ERROR] Password lacks complexity
2026-01-09 16:06:23 [ERROR] Complexity check failed
2026-01-09 16:07:38 [INFO] User chose to exit script
2026-01-09 16:09:05 [INFO] SCRIPT STARTED
2026-01-09 16:09:08 [INFO] Password check initiated.
2026-01-09 16:09:08 [INFO] Checking password length and complexity
2026-01-09 16:09:08 [INFO] Password check initiated.
2026-01-09 16:09:08 [INFO] Password complexity and length OK
2026-01-09 16:09:08 [INFO] Checking local wordlist: rockyou.txt
2026-01-09 16:09:08 [INFO] Password not found in rockyou.txt
2026-01-09 16:09:08 [INFO] Checking online leaks (HIBP API).
2026-01-09 16:09:08 [ERROR] Online leak check failed
2026-01-09 16:09:13 [INFO] User chose to try again
2026-01-09 16:09:15 [INFO] Password check initiated.
2026-01-09 16:09:15 [INFO] Checking password length and complexity
2026-01-09 16:09:15 [ERROR] Passwords is too short
2026-01-09 16:09:15 [INFO] Password check initiated.
2026-01-09 16:09:15 [ERROR] Password missing special character
2026-01-09 16:09:15 [ERROR] Complexity check failed
2026-01-09 16:09:41 [INFO] User chose to exit script
2026-01-09 16:10:57 [INFO] SCRIPT STARTED
2026-01-09 16:10:59 [INFO] Password check initiated.
2026-01-09 16:10:59 [INFO] Checking password length and complexity
2026-01-09 16:10:59 [ERROR] Passwords is too short
2026-01-09 16:10:59 [ERROR] Complexity check failed
2026-01-09 16:11:01 [INFO] User chose to try again
2026-01-09 16:11:03 [INFO] Password check initiated.
2026-01-09 16:11:03 [INFO] Checking password length and complexity
2026-01-09 16:11:03 [INFO] Password check initiated.
2026-01-09 16:11:03 [INFO] Password complexity and length OK
2026-01-09 16:11:03 [INFO] Checking local wordlist: rockyou.txt
2026-01-09 16:11:04 [INFO] Password not found in rockyou.txt
2026-01-09 16:11:04 [INFO] Checking online leaks (HIBP API).
2026-01-09 16:11:04 [INFO] Password not found in online leaks.
2026-01-09 16:11:04 [INFO] Password is approved
2026-01-09 16:11:06 [INFO] SCRIPT STARTED
2026-01-09 16:11:09 [INFO] Password check initiated.
2026-01-09 16:11:09 [INFO] Checking password length and complexity
2026-01-09 16:11:09 [INFO] Password check initiated.
2026-01-09 16:11:09 [INFO] Password complexity and length OK
2026-01-09 16:11:09 [INFO] Checking local wordlist: rockyou.txt
2026-01-09 16:11:10 [INFO] Password not found in rockyou.txt
2026-01-09 16:11:10 [INFO] Checking online leaks (HIBP API).
2026-01-09 16:11:10 [INFO] Password not found in online leaks.
2026-01-09 16:11:10 [INFO] Password is approved
2026-01-09 16:11:12 [INFO] SCRIPT STARTED
2026-01-09 16:11:15 [INFO] Password check initiated.
2026-01-09 16:11:15 [INFO] Checking password length and complexity
2026-01-09 16:11:15 [INFO] Password check initiated.
2026-01-09 16:11:15 [INFO] Password complexity and length OK
2026-01-09 16:11:15 [INFO] Checking local wordlist: rockyou.txt
2026-01-09 16:11:15 [INFO] Password not found in rockyou.txt
2026-01-09 16:11:16 [INFO] Checking online leaks (HIBP API).
2026-01-09 16:11:16 [INFO] Password not found in online leaks.
2026-01-09 16:11:16 [INFO] Password is approved
2026-01-09 16:11:20 [INFO] SCRIPT STARTED
2026-01-09 16:11:23 [INFO] Password check initiated.
2026-01-09 16:11:23 [INFO] Checking password length and complexity
2026-01-09 16:11:23 [INFO] Password check initiated.
2026-01-09 16:11:23 [INFO] Password complexity and length OK
2026-01-09 16:11:23 [INFO] Checking local wordlist: rockyou.txt
2026-01-09 16:11:23 [INFO] Password not found in rockyou.txt
2026-01-09 16:11:23 [INFO] Checking online leaks (HIBP API).
2026-01-09 16:11:23 [INFO] Password not found in online leaks.
2026-01-09 16:11:23 [INFO] Password is approved
2026-01-09 16:13:26 [INFO] SCRIPT STARTED
2026-01-09 16:13:27 [INFO] Password check initiated.
2026-01-09 16:13:27 [ERROR] Empty or whitespace-only password entered
2026-01-09 16:13:34 [INFO] Password check initiated.
2026-01-09 16:13:34 [INFO] Checking password length and complexity
2026-01-09 16:13:34 [ERROR] Passwords is too short
2026-01-09 16:13:34 [ERROR] Complexity check failed
2026-01-09 16:13:35 [WARNING] Invalid menu selection
2026-01-09 16:29:05 [INFO] SCRIPT STARTED
2026-01-09 16:29:09 [INFO] Password check initiated.
2026-01-09 16:29:09 [INFO] Checking password length and complexity
2026-01-09 16:29:09 [INFO] Password check initiated.
2026-01-09 16:29:09 [ERROR] Password missing special character
2026-01-09 16:29:09 [ERROR] Complexity check failed
2026-01-09 16:29:11 [WARNING] Invalid menu selection
2026-01-09 16:29:18 [INFO] User chose to try again
2026-01-09 16:29:24 [WARNING] Invalid menu selection
2026-01-09 16:29:27 [INFO] User chose to try again
2026-01-09 16:29:32 [WARNING] Invalid menu selection
2026-01-09 16:29:33 [INFO] User chose to try again
2026-01-09 16:29:34 [INFO] User chose to try again
2026-01-09 16:29:34 [INFO] User chose to try again
2026-01-09 16:29:35 [INFO] User chose to try again
2026-01-09 16:36:20 [INFO] SCRIPT STARTED
2026-01-09 16:36:24 [INFO] Password check initiated.
2026-01-09 16:36:24 [INFO] Checking password length and complexity
2026-01-09 16:36:24 [INFO] Password check initiated.
2026-01-09 16:36:24 [ERROR] Password missing special character
2026-01-09 16:36:24 [ERROR] Complexity check failed
2026-01-09 16:36:27 [WARNING] Invalid menu selection
2026-01-09 16:36:32 [INFO] User chose to try again
2026-01-09 16:36:35 [INFO] Password check initiated.
2026-01-09 16:36:35 [INFO] Checking password length and complexity
2026-01-09 16:36:35 [INFO] Password check initiated.
2026-01-09 16:36:35 [INFO] Password complexity and length OK
2026-01-09 16:36:35 [INFO] Checking local wordlist: rockyou.txt
2026-01-09 16:36:36 [INFO] Password not found in rockyou.txt
2026-01-09 16:36:36 [INFO] Checking online leaks (HIBP API).
2026-01-09 16:36:36 [ERROR] Online leak check failed
2026-01-09 16:48:23 [INFO] User chose to try again
2026-01-09 16:48:28 [INFO] Password check initiated.
2026-01-09 16:48:28 [INFO] Checking password length and complexity
2026-01-09 16:48:28 [INFO] Password check initiated.
2026-01-09 16:48:28 [INFO] Password complexity and length OK
2026-01-09 16:48:28 [INFO] Checking local wordlist: rockyou.txt
2026-01-09 16:48:28 [INFO] Password not found in rockyou.txt
2026-01-09 16:48:28 [INFO] Checking online leaks (HIBP API).
2026-01-09 16:48:28 [INFO] Password not found in online leaks.
2026-01-09 16:48:28 [INFO] Password is approved
2026-01-09 16:49:09 [INFO] SCRIPT STARTED
2026-01-09 16:49:14 [INFO] Password check initiated.
2026-01-09 16:49:15 [INFO] Checking password length and complexity
2026-01-09 16:49:15 [ERROR] Passwords is too short
2026-01-09 16:49:15 [ERROR] Complexity check failed
2026-01-09 16:49:21 [WARNING] Invalid menu selection
2026-01-09 16:49:25 [INFO] User chose to try again
2026-01-09 16:49:30 [INFO] Password check initiated.
2026-01-09 16:49:30 [INFO] Checking password length and complexity
2026-01-09 16:49:30 [INFO] Password check initiated.
2026-01-09 16:49:30 [INFO] Password complexity and length OK
2026-01-09 16:49:30 [INFO] Checking local wordlist: rockyou.txt
2026-01-09 16:49:30 [INFO] Password not found in rockyou.txt
2026-01-09 16:49:30 [INFO] Checking online leaks (HIBP API).
2026-01-09 16:49:30 [ERROR] Online leak check failed
2026-01-09 16:54:40 [INFO] User chose to exit script
2026-01-09 16:55:57 [INFO] SCRIPT STARTED
2026-01-09 16:56:00 [INFO] Password check initiated.
2026-01-09 16:56:00 [INFO] Checking password length and complexity
2026-01-09 16:56:00 [INFO] Password check initiated.
2026-01-09 16:56:00 [ERROR] Password missing special character
2026-01-09 16:56:00 [ERROR] Complexity check failed
2026-01-09 16:56:04 [INFO] User chose to try again
2026-01-09 16:56:07 [INFO] Password check initiated.
2026-01-09 16:56:07 [INFO] Checking password length and complexity
2026-01-09 16:56:07 [INFO] Password check initiated.
2026-01-09 16:56:07 [INFO] Password complexity and length OK
2026-01-09 16:56:07 [INFO] Checking local wordlist: rockyou.txt
2026-01-09 16:56:07 [INFO] Password not found in rockyou.txt
2026-01-09 16:56:08 [INFO] Checking online leaks (HIBP API).
2026-01-09 16:56:08 [ERROR] Online leak check failed
2026-01-09 16:56:11 [WARNING] Invalid menu selection
2026-01-09 16:56:19 [INFO] User chose to exit script
2026-01-09 16:58:26 [INFO] SCRIPT STARTED
2026-01-09 16:58:28 [INFO] Password check initiated.
2026-01-09 16:58:28 [INFO] Checking password length and complexity
2026-01-09 16:58:28 [ERROR] Passwords is too short
2026-01-09 16:58:28 [ERROR] Complexity check failed
2026-01-09 16:58:31 [WARNING] Invalid menu selection
2026-01-09 16:58:35 [INFO] User chose to try again
2026-01-09 16:58:38 [INFO] Password check initiated.
2026-01-09 16:58:38 [INFO] Checking password length and complexity
2026-01-09 16:58:38 [ERROR] Passwords is too short
2026-01-09 16:58:38 [ERROR] Complexity check failed
2026-01-09 16:58:40 [INFO] User chose to try again
2026-01-09 16:58:44 [INFO] Password check initiated.
2026-01-09 16:58:44 [INFO] Checking password length and complexity
2026-01-09 16:58:44 [INFO] Password check initiated.
2026-01-09 16:58:44 [INFO] Password complexity and length OK
2026-01-09 16:58:44 [INFO] Checking local wordlist: rockyou.txt
2026-01-09 16:58:44 [INFO] Password not found in rockyou.txt
2026-01-09 16:58:45 [INFO] Checking online leaks (HIBP API).
2026-01-09 16:58:45 [ERROR] Online leak check failed
2026-01-09 17:00:23 [INFO] User chose to exit script
2026-01-09 17:14:18 [INFO] SCRIPT STARTED
2026-01-09 17:14:29 [INFO] Password check initiated.
2026-01-09 17:14:29 [INFO] Checking password length and complexity
2026-01-09 17:14:29 [INFO] Password check initiated.
2026-01-09 17:14:29 [INFO] Password complexity and length OK
2026-01-09 17:14:29 [INFO] Checking local wordlist: rockyou.txt
2026-01-09 17:14:29 [INFO] Password not found in rockyou.txt
2026-01-09 17:14:29 [INFO] Checking online leaks (HIBP API).
2026-01-09 17:14:29 [INFO] Password not found in online leaks.
2026-01-09 17:14:29 [INFO] Password is approved
2026-01-09 17:14:35 [INFO] SCRIPT STARTED
2026-01-09 17:14:40 [INFO] Password check initiated.
2026-01-09 17:14:40 [INFO] Checking password length and complexity
2026-01-09 17:14:40 [INFO] Password check initiated.
2026-01-09 17:14:40 [INFO] Password complexity and length OK
2026-01-09 17:14:40 [INFO] Checking local wordlist: rockyou.txt
2026-01-09 17:14:40 [INFO] Password not found in rockyou.txt
2026-01-09 17:14:40 [INFO] Checking online leaks (HIBP API).
2026-01-09 17:14:40 [INFO] Password not found in online leaks.
2026-01-09 17:14:40 [INFO] Password is approved
2026-01-09 17:14:42 [INFO] SCRIPT STARTED
2026-01-09 17:14:46 [INFO] Password check initiated.
2026-01-09 17:14:46 [INFO] Checking password length and complexity
2026-01-09 17:14:46 [INFO] Password check initiated.
2026-01-09 17:14:46 [INFO] Password complexity and length OK
2026-01-09 17:14:46 [INFO] Checking local wordlist: rockyou.txt
2026-01-09 17:14:46 [INFO] Password not found in rockyou.txt
2026-01-09 17:14:47 [INFO] Checking online leaks (HIBP API).
2026-01-09 17:14:47 [ERROR] Online leak check failed
2026-01-09 17:14:53 [WARNING] Invalid menu selection
2026-01-09 17:15:34 [INFO] SCRIPT STARTED
2026-01-09 17:15:40 [INFO] Password check initiated.
2026-01-09 17:15:40 [INFO] Checking password length and complexity
2026-01-09 17:15:40 [INFO] Password check initiated.
2026-01-09 17:15:40 [INFO] Password complexity and length OK
2026-01-09 17:15:40 [INFO] Checking local wordlist: rockyou.txt
2026-01-09 17:15:40 [INFO] Password not found in rockyou.txt
2026-01-09 17:15:40 [INFO] Checking online leaks (HIBP API).
2026-01-09 17:15:40 [INFO] Password not found in online leaks.
2026-01-09 17:15:40 [INFO] Password is approved
2026-01-09 17:15:42 [INFO] SCRIPT STARTED
2026-01-09 17:15:45 [INFO] Password check initiated.
2026-01-09 17:15:45 [INFO] Checking password length and complexity
2026-01-09 17:15:45 [INFO] Password check initiated.
2026-01-09 17:15:45 [INFO] Password complexity and length OK
2026-01-09 17:15:45 [INFO] Checking local wordlist: rockyou.txt
2026-01-09 17:15:45 [INFO] Password not found in rockyou.txt
2026-01-09 17:15:46 [INFO] Checking online leaks (HIBP API).
2026-01-09 17:15:46 [INFO] Password not found in online leaks.
2026-01-09 17:15:46 [INFO] Password is approved
2026-01-09 17:15:47 [INFO] SCRIPT STARTED
2026-01-09 17:15:51 [INFO] Password check initiated.
2026-01-09 17:15:51 [INFO] Checking password length and complexity
2026-01-09 17:15:51 [INFO] Password check initiated.
2026-01-09 17:15:51 [INFO] Password complexity and length OK
2026-01-09 17:15:51 [INFO] Checking local wordlist: rockyou.txt
2026-01-09 17:15:52 [INFO] Password not found in rockyou.txt
2026-01-09 17:15:52 [INFO] Checking online leaks (HIBP API).
2026-01-09 17:15:52 [INFO] Password not found in online leaks.
2026-01-09 17:15:52 [INFO] Password is approved
2026-01-09 17:15:54 [INFO] SCRIPT STARTED
2026-01-09 17:15:59 [INFO] Password check initiated.
2026-01-09 17:15:59 [INFO] Checking password length and complexity
2026-01-09 17:15:59 [INFO] Password check initiated.
2026-01-09 17:15:59 [INFO] Password complexity and length OK
2026-01-09 17:15:59 [INFO] Checking local wordlist: rockyou.txt
2026-01-09 17:15:59 [INFO] Password not found in rockyou.txt
2026-01-09 17:15:59 [INFO] Checking online leaks (HIBP API).
2026-01-09 17:15:59 [INFO] Password not found in online leaks.
2026-01-09 17:15:59 [INFO] Password is approved
2026-01-09 17:16:00 [INFO] SCRIPT STARTED
2026-01-09 17:16:05 [INFO] Password check initiated.
2026-01-09 17:16:05 [INFO] Checking password length and complexity
2026-01-09 17:16:05 [INFO] Password check initiated.
2026-01-09 17:16:05 [INFO] Password complexity and length OK
2026-01-09 17:16:05 [INFO] Checking local wordlist: rockyou.txt
2026-01-09 17:16:05 [INFO] Password not found in rockyou.txt
2026-01-09 17:16:05 [INFO] Checking online leaks (HIBP API).
2026-01-09 17:16:05 [ERROR] Online leak check failed
2026-01-09 17:16:13 [WARNING] Invalid menu selection
2026-01-09 17:16:16 [WARNING] Invalid menu selection
2026-01-09 17:16:18 [INFO] User chose to try again
2026-01-09 17:16:23 [INFO] Password check initiated.
2026-01-09 17:16:23 [INFO] Checking password length and complexity
2026-01-09 17:16:23 [INFO] Password check initiated.
2026-01-09 17:16:23 [INFO] Password complexity and length OK
2026-01-09 17:16:23 [INFO] Checking local wordlist: rockyou.txt
2026-01-09 17:16:23 [INFO] Password not found in rockyou.txt
2026-01-09 17:16:23 [INFO] Checking online leaks (HIBP API).
2026-01-09 17:16:23 [ERROR] Online leak check failed
2026-01-09 17:16:28 [WARNING] Invalid menu selection
2026-01-09 17:16:32 [INFO] User chose to try again
2026-01-09 17:16:33 [INFO] Password check initiated.
2026-01-09 17:16:33 [INFO] Checking password length and complexity
2026-01-09 17:16:33 [ERROR] Passwords is too short
2026-01-09 17:16:33 [ERROR] Complexity check failed
2026-01-09 17:16:34 [WARNING] Invalid menu selection
2026-01-09 17:16:36 [INFO] User chose to try again
2026-01-09 17:16:40 [INFO] Password check initiated.
2026-01-09 17:16:40 [INFO] Checking password length and complexity
2026-01-09 17:16:40 [INFO] Password check initiated.
2026-01-09 17:16:40 [INFO] Password complexity and length OK
2026-01-09 17:16:40 [INFO] Checking local wordlist: rockyou.txt
2026-01-09 17:16:40 [INFO] Password not found in rockyou.txt
2026-01-09 17:16:41 [INFO] Checking online leaks (HIBP API).
2026-01-09 17:16:41 [ERROR] Online leak check failed
2026-01-09 17:16:49 [INFO] User chose to exit script
